// Jest Snapshot v1, https://goo.gl/fbAQLP

exports[`Renders against snapshot 1`] = `
.c1 {
  position: relative;
  display: inline-block;
  vertical-align: middle;
  margin: 0;
  width: 100%;
  background: #fafcff;
}

.c0 {
  width: 100%;
  -webkit-flex-direction: column;
  -ms-flex-direction: column;
  flex-direction: column;
  display: -webkit-box;
  display: -webkit-flex;
  display: -ms-flexbox;
  display: flex;
  margin: 0 0 2rem;
}

.c2 {
  width: 100%;
  height: 4rem;
  background: transparent;
  color: #333333;
  font-size: inherit;
  padding: 0 4rem 0 1rem;
  border: 1px solid;
  border-color: rgba(0,172,237,0.5);
  margin: 0;
  border-radius: 0;
  text-overflow: '';
  -webkit-appearance: none;
  -moz-appearance: none;
  appearance: none;
  outline: none !important;
  border-radius: 0.4rem;
  font-size: 1.4rem;
  -webkit-transition: border 0.2s linear;
  transition: border 0.2s linear;
  position: relative;
  z-index: 2;
}

.c2:focus,
.c2:active {
  border-color: #00ACED;
}

.c2[disabled] {
  cursor: not-allowed;
  opacity: 0.75;
}

.c3 {
  display: -webkit-box;
  display: -webkit-flex;
  display: -ms-flexbox;
  display: flex;
  width: 4rem;
  height: calc(100% - 1.5rem);
  -webkit-align-items: center;
  -webkit-box-align: center;
  -ms-flex-align: center;
  align-items: center;
  right: 0;
  top: 0.75rem;
  position: absolute;
  -webkit-box-pack: center;
  -webkit-justify-content: center;
  -ms-flex-pack: center;
  justify-content: center;
  border-left: 1px solid;
  border-color: rgba(0,172,237,0.5);
  z-index: 1;
}

<div
  class="c0 salo-select "
>
  <div
    class="c1 salo-select__wrapper"
  >
    <select
      aria-invalid="false"
      aria-required="false"
      class="c2 salo-select__field"
      height="4rem"
    />
    <span
      class="c3"
    >
      <svg
        style="width: 24px; height: 24px;"
        viewBox="0 0 24 24"
      >
        <path
          d="M7,10L12,15L17,10H7Z"
          fill="#6c757d"
        />
      </svg>
    </span>
  </div>
</div>
`;
