// Jest Snapshot v1, https://goo.gl/fbAQLP

exports[`Renders against snapshot 1`] = `
.c0 {
  display: -webkit-box;
  display: -webkit-flex;
  display: -ms-flexbox;
  display: flex;
  -webkit-flex-direction: row;
  -ms-flex-direction: row;
  flex-direction: row;
  -webkit-align-items: center;
  -webkit-box-align: center;
  -ms-flex-align: center;
  align-items: center;
  height: 4rem;
  margin: 0;
  position: relative;
  opacity: 1;
  width: auto;
  cursor: pointer;
}

.c0.alignLeft {
  -webkit-flex-direction: row-reverse;
  -ms-flex-direction: row-reverse;
  flex-direction: row-reverse;
}

.c1 {
  display: -webkit-box;
  display: -webkit-flex;
  display: -ms-flexbox;
  display: flex;
  width: 5rem;
  height: 1.5rem;
  position: relative;
  border-radius: 0.4rem;
  background: #e9ecef;
  cursor: pointer;
  margin: 0 1rem 0 0;
  border: none;
  outline: none;
}

.alignLeft .c1 {
  margin: 0 0 0 1rem;
}

.c2 {
  top: -0.5rem;
  position: absolute;
  border-radius: 50%;
  cursor: pointer;
  border: 0.2rem solid #fff;
  background: #6c757d;
  -webkit-transition: all 0.3s linear;
  transition: all 0.3s linear;
  height: 2.5rem;
  width: 2.5rem;
  left: 0;
}

.c3 {
  color: #6c757d;
  font-size: 1.4rem;
}

<div
  class="c0 alignRight"
  width="auto"
>
  <button
    class="c1"
  >
    <span
      class="c2"
    />
  </button>
  <span
    class="c3"
  />
</div>
`;
