// Jest Snapshot v1, https://goo.gl/fbAQLP

exports[`Renders against snapshot 1`] = `null`;
