// Jest Snapshot v1, https://goo.gl/fbAQLP

exports[`Renders against snapshot 1`] = `
.c0 {
  font-size: 100px;
  width: 1em;
  height: 1em;
  position: relative;
  border: none;
  background: #00ACED;
  cursor: auto;
  background-image: url('');
  background-size: cover;
  background-position: top center;
  border-radius: 50%;
  -webkit-align-items: center;
  -webkit-box-align: center;
  -ms-flex-align: center;
  align-items: center;
  -webkit-box-pack: center;
  -webkit-justify-content: center;
  -ms-flex-pack: center;
  justify-content: center;
  display: -webkit-box;
  display: -webkit-flex;
  display: -ms-flexbox;
  display: flex;
}

.c0:after {
  content: '';
  position: absolute;
  left: 0;
  top: 0;
  width: 100%;
  height: 100%;
}

.c1 {
  font-size: 0.4em;
  color: #333333;
  text-align: center;
  font-weight: bold;
  -webkit-user-select: none;
  -moz-user-select: none;
  -ms-user-select: none;
  user-select: none;
  margin: 0;
  mix-blend-mode: difference;
}

<button
  class="c0"
  cursor="auto"
  size="100"
>
  <p
    class="c1"
  >
    AF
  </p>
</button>
`;
