// Jest Snapshot v1, https://goo.gl/fbAQLP

exports[`Renders against snapshot 1`] = `
.c0 {
  display: -webkit-inline-box;
  display: -webkit-inline-flex;
  display: -ms-inline-flexbox;
  display: inline-flex;
  background-color: #00ACED;
  border: 1px solid #00ACED;
  color: #fff;
  -webkit-transition: all 0.3s linear;
  transition: all 0.3s linear;
  position: relative;
  -webkit-box-pack: center;
  -webkit-justify-content: center;
  -ms-flex-pack: center;
  justify-content: center;
  -webkit-align-items: center;
  -webkit-box-align: center;
  -ms-flex-align: center;
  align-items: center;
  cursor: pointer;
  -webkit-text-decoration: none;
  text-decoration: none;
  text-transform: uppercase;
  -webkit-letter-spacing: 1px;
  -moz-letter-spacing: 1px;
  -ms-letter-spacing: 1px;
  letter-spacing: 1px;
  border-radius: 0.4rem;
  font-size: 1.4rem;
  height: 4rem;
  padding: 0 1.5rem;
  width: auto;
  box-shadow: 2px 2px 2px 0px rgba(0,0,0,0.2);
}

.c0 path {
  -webkit-transition: fill 0.3s linear;
  transition: fill 0.3s linear;
  fill: #fff !important;
}

.c0.disabled,
.c0:disabled {
  background-color: #00ACED !important;
  border: 1px solid #00ACED;
  color: #fff;
  opacity: 0.6;
  pointer-events: auto;
  cursor: not-allowed;
}

.c0.disabled path,
.c0:disabled path {
  fill: #fff !important;
}

.c0:focus {
  outline: none;
}

.c0:hover:not([disabled]) {
  border: 1px solid #0074a1;
  background: #0074a1;
}

.c0.active,
.c0:hover:not([disabled]) {
  color: #fff;
}

.c0.active path,
.c0:hover:not([disabled]) path {
  fill: #fff !important;
}

<button
  class="c0  "
  height="4rem"
  loading="false"
  radius="true"
  type="button"
>
  <canvas
    height="0"
    style="border-radius: inherit; height: 100%; left: 0px; position: absolute; top: 0px; width: 100%;"
    width="0"
  />
  
</button>
`;
