// Jest Snapshot v1, https://goo.gl/fbAQLP

exports[`Renders against snapshot 1`] = `
.c0 {
  height: 16px;
  width: 16px;
  margin: 0;
}

<div
  class="null salo-selectput salo-selectput--default"
>
  <button
    class="salo-selectput__button"
    type="button"
  >
    Please selectâ€¦
  </button>
  <button
    class="salo-selectput__button--submit"
    disabled=""
    type="button"
    value="Add"
  >
    <svg
      aria-hidden="true"
      class="c0"
      focusable="false"
      size="16"
      viewBox="0 0 24 24"
    >
      <path
        d="M21,7L9,19L3.5,13.5L4.91,12.09L9,16.17L19.59,5.59L21,7Z"
        fill="#00222b"
      />
    </svg>
  </button>
  <button
    class="salo-selectput__button--close"
    type="button"
    value="Close"
  >
    <svg
      aria-hidden="true"
      class="c0"
      focusable="false"
      size="16"
      viewBox="0 0 24 24"
    >
      <path
        d="M19,6.41L17.59,5L12,10.59L6.41,5L5,6.41L10.59,12L5,17.59L6.41,19L12,13.41L17.59,19L19,17.59L13.41,12L19,6.41Z"
        fill="#00222b"
      />
    </svg>
  </button>
</div>
`;
