// Jest Snapshot v1, https://goo.gl/fbAQLP

exports[`Renders against snapshot 1`] = `
.c7 {
  height: 18px;
  width: 18px;
  margin: 0 0.5rem 0 0;
}

.c4 {
  display: -webkit-box;
  display: -webkit-flex;
  display: -ms-flexbox;
  display: flex;
  -webkit-flex-direction: column;
  -ms-flex-direction: column;
  flex-direction: column;
  margin: -1rem 0 3rem;
}

.c5 {
  font-size: 1.2rem;
  margin: 0 0 1rem;
}

.c6 {
  display: -webkit-box;
  display: -webkit-flex;
  display: -ms-flexbox;
  display: flex;
  height: 2rem;
  font-size: 1.2rem;
  -webkit-align-items: center;
  -webkit-box-align: center;
  -ms-flex-align: center;
  align-items: center;
}

.c6.valid {
  color: #00ACED;
}

.c6.valid svg path {
  fill: #00ACED;
}

.c0 {
  width: 100%;
  -webkit-flex-direction: column;
  -ms-flex-direction: column;
  flex-direction: column;
  margin: 0 0 2rem;
  display: -webkit-box;
  display: -webkit-flex;
  display: -ms-flexbox;
  display: flex;
}

.c2 {
  position: relative;
}

.c3 {
  margin: 0;
  padding: 0 1rem;
  height: 4rem;
  background-color: #fafcff;
  border: 1px solid;
  border-color: rgba(0,172,237,0.5);
  -webkit-transition: border 0.2s linear;
  transition: border 0.2s linear;
  width: 100%;
  border-radius: 0.4rem;
  font-size: 1.4rem;
}

.c3:focus,
.c3:active {
  border-color: #00ACED;
}

.c3[disabled] {
  cursor: not-allowed;
  opacity: 0.75;
}

.c1 {
  font-size: 1.4rem;
  margin: 0 0 0.5rem;
  padding: 0;
  color: inherit;
  word-break: break-word;
}

<div
  class="password__wrapper "
>
  <div
    class="c0 salo-input "
  >
    <label
      class="c1 salo-input__label"
      for="password_undefined"
    >
      Password
    </label>
    <div
      class="c2 salo-input__wrapper"
    >
      <input
        aria-invalid="false"
        aria-required="false"
        class="c3 salo-input__field"
        font-size="1.4rem"
        height="4rem"
        id="password_undefined"
        name="password_undefined"
        placeholder="Enter a password"
        type="password"
        value=""
      />
    </div>
  </div>
  <div
    class="c4"
  >
    <p
      class="c5"
    >
      Your password must contain the following:
    </p>
    <span
      class="c6"
    >
      <svg
        aria-hidden="true"
        class="c7"
        focusable="false"
        size="18"
        viewBox="0 0 24 24"
      >
        <path
          d="M13,13H11V7H13M13,17H11V15H13M12,2A10,10 0 0,0 2,12A10,10 0 0,0 12,22A10,10 0 0,0 22,12A10,10 0 0,0 12,2Z"
          fill="#00222b"
        />
      </svg>
      A minimum of 8 characters
    </span>
    <span
      class="c6"
    >
      <svg
        aria-hidden="true"
        class="c7"
        focusable="false"
        size="18"
        viewBox="0 0 24 24"
      >
        <path
          d="M13,13H11V7H13M13,17H11V15H13M12,2A10,10 0 0,0 2,12A10,10 0 0,0 12,22A10,10 0 0,0 22,12A10,10 0 0,0 12,2Z"
          fill="#00222b"
        />
      </svg>
      Uppercase letter (A-Z)
    </span>
    <span
      class="c6"
    >
      <svg
        aria-hidden="true"
        class="c7"
        focusable="false"
        size="18"
        viewBox="0 0 24 24"
      >
        <path
          d="M13,13H11V7H13M13,17H11V15H13M12,2A10,10 0 0,0 2,12A10,10 0 0,0 12,22A10,10 0 0,0 22,12A10,10 0 0,0 12,2Z"
          fill="#00222b"
        />
      </svg>
      Lowercase letter (a-z)
    </span>
    <span
      class="c6"
    >
      <svg
        aria-hidden="true"
        class="c7"
        focusable="false"
        size="18"
        viewBox="0 0 24 24"
      >
        <path
          d="M13,13H11V7H13M13,17H11V15H13M12,2A10,10 0 0,0 2,12A10,10 0 0,0 12,22A10,10 0 0,0 22,12A10,10 0 0,0 12,2Z"
          fill="#00222b"
        />
      </svg>
      Number (0-9)
    </span>
    <span
      class="c6"
    >
      <svg
        aria-hidden="true"
        class="c7"
        focusable="false"
        size="18"
        viewBox="0 0 24 24"
      >
        <path
          d="M13,13H11V7H13M13,17H11V15H13M12,2A10,10 0 0,0 2,12A10,10 0 0,0 12,22A10,10 0 0,0 22,12A10,10 0 0,0 12,2Z"
          fill="#00222b"
        />
      </svg>
      Special character (@$!%*?&Â£#)
    </span>
  </div>
  <div
    class="c0 salo-input "
  >
    <label
      class="c1 salo-input__label"
      for="password_confirm_undefined"
    >
      Re-enter password
    </label>
    <div
      class="c2 salo-input__wrapper"
    >
      <input
        aria-invalid="false"
        aria-required="false"
        class="c3 salo-input__field"
        font-size="1.4rem"
        height="4rem"
        id="password_confirm_undefined"
        name="password_confirm_undefined"
        placeholder="Confirm password"
        type="password"
        value=""
      />
    </div>
  </div>
</div>
`;
