// Jest Snapshot v1, https://goo.gl/fbAQLP

exports[`Renders against snapshot 1`] = `
.c0 {
  width: 100%;
  -webkit-flex-direction: column;
  -ms-flex-direction: column;
  flex-direction: column;
  display: -webkit-box;
  display: -webkit-flex;
  display: -ms-flexbox;
  display: flex;
  margin: 0 0 2rem;
}

.c2 {
  display: none;
}

.c1 {
  display: -webkit-inline-box;
  display: -webkit-inline-flex;
  display: -ms-inline-flexbox;
  display: inline-flex;
  background-color: #00ACED;
  border: 1px solid #00ACED;
  color: #fff;
  -webkit-transition: all 0.3s linear;
  transition: all 0.3s linear;
  position: relative;
  -webkit-box-pack: center;
  -webkit-justify-content: center;
  -ms-flex-pack: center;
  justify-content: center;
  -webkit-align-items: center;
  -webkit-box-align: center;
  -ms-flex-align: center;
  align-items: center;
  cursor: pointer;
  -webkit-text-decoration: none;
  text-decoration: none;
  text-transform: uppercase;
  -webkit-letter-spacing: 1px;
  -moz-letter-spacing: 1px;
  -ms-letter-spacing: 1px;
  letter-spacing: 1px;
  border-radius: 0.4rem;
  font-size: 1.4rem;
  height: 4rem;
  padding: 0 1.5rem;
  width: auto;
  box-shadow: 2px 2px 2px 0px rgba(0,0,0,0.2);
}

.c1 path {
  -webkit-transition: fill 0.3s linear;
  transition: fill 0.3s linear;
  fill: #fff !important;
}

.c1.disabled,
.c1:disabled {
  background-color: #00ACED !important;
  border: 1px solid #00ACED;
  color: #fff;
  opacity: 0.6;
  pointer-events: auto;
  cursor: not-allowed;
}

.c1.disabled path,
.c1:disabled path {
  fill: #fff !important;
}

.c1:focus {
  outline: none;
}

.c1:hover:not([disabled]) {
  border: 1px solid #0074a1;
  background: #0074a1;
}

.c1.active,
.c1:hover:not([disabled]) {
  color: #fff;
}

.c1.active path,
.c1:hover:not([disabled]) path {
  fill: #fff !important;
}

<div
  class="c0 salo-upload "
>
  <label
    class="c1 salo-upload__label "
    height="4rem"
    id="undefined_label"
    label=""
    loading="false"
    radius="true"
  >
    <canvas
      height="0"
      style="border-radius: inherit; height: 100%; left: 0px; position: absolute; top: 0px; width: 100%;"
      width="0"
    />
    Chosen 0 file(s)
  </label>
  <input
    accept="*"
    aria-invalid="false"
    aria-required="false"
    class="c2 salo-upload__field"
    font-size="1.4rem"
    type="file"
  />
</div>
`;
