// Jest Snapshot v1, https://goo.gl/fbAQLP

exports[`Renders against snapshot 1`] = `
.c0 {
  display: -webkit-box;
  display: -webkit-flex;
  display: -ms-flexbox;
  display: flex;
  -webkit-flex-direction: column;
  -ms-flex-direction: column;
  flex-direction: column;
  margin: 0 0 2rem;
}

.c1 {
  display: -webkit-box;
  display: -webkit-flex;
  display: -ms-flexbox;
  display: flex;
  height: 4rem;
  position: relative;
  -webkit-align-items: center;
  -webkit-box-align: center;
  -ms-flex-align: center;
  align-items: center;
}

.c2 {
  -webkit-appearance: none;
  width: 100%;
  background: transparent;
}

.c2:focus {
  outline: none;
}

.c2::-ms-track {
  width: 100%;
  cursor: pointer;
  background: transparent;
  border-color: transparent;
  color: transparent;
}

.c2::-webkit-slider-thumb {
  -webkit-appearance: none;
  height: 2rem;
  width: 2rem;
  border-radius: 50%;
  background: #00ACED;
  cursor: pointer;
  margin-top: -.8rem;
  z-index: 5;
}

.c2::-moz-range-thumb {
  height: 2rem;
  width: 2rem;
  border-radius: 50%;
  background: #00ACED;
  cursor: pointer;
  margin-top: -.8rem;
  z-index: 5;
}

.c2::-ms-thumb {
  height: 2rem;
  width: 2rem;
  border-radius: 50%;
  background: #00ACED;
  cursor: pointer;
  margin-top: -.8rem;
  z-index: 5;
}

.c2::-webkit-slider-runnable-track {
  width: 100%;
  height: .4rem;
  cursor: pointer;
  background: #e9ecef;
  border-radius: 1.3px;
}

.c2::-moz-range-track {
  width: 100%;
  height: .4rem;
  cursor: pointer;
  background: #e9ecef;
  border-radius: 1.3px;
}

.c2::-ms-track {
  width: 100%;
  height: .4rem;
  cursor: pointer;
  background: transparent;
  border-color: transparent;
  color: transparent;
}

.c2::-ms-fill-lower {
  width: 100%;
  height: .4rem;
  cursor: pointer;
  background: #e9ecef;
  border-radius: 1.3px;
}

.c2:focus::-ms-fill-lower {
  width: 100%;
  height: .4rem;
  cursor: pointer;
  background: #e9ecef;
  border-radius: 1.3px;
}

.c2::-ms-fill-upper {
  width: 100%;
  height: .4rem;
  cursor: pointer;
  background: #e9ecef;
  border-radius: 1.3px;
}

.c2[disabled] {
  cursor: not-allowed;
  opacity: 0.75;
}

.c3 {
  background-color: #e9ecef;
  height: 4rem;
  width: 4rem;
  border-radius: .5rem;
  display: -webkit-box;
  display: -webkit-flex;
  display: -ms-flexbox;
  display: flex;
  -webkit-align-items: center;
  -webkit-box-align: center;
  -ms-flex-align: center;
  align-items: center;
  -webkit-box-pack: center;
  -webkit-justify-content: center;
  -ms-flex-pack: center;
  justify-content: center;
  font-size: 1.2rem;
  margin-left: 1rem;
}

<div
  class="c0"
>
  <div
    class="c1"
    height="4rem"
  >
    <input
      aria-invalid="false"
      aria-required="false"
      class="c2"
      max="100"
      min="0"
      type="range"
      value=""
    />
    <div
      class="c3"
    />
  </div>
</div>
`;
