// Jest Snapshot v1, https://goo.gl/fbAQLP

exports[`Renders against snapshot 1`] = `
.c0 {
  width: 100%;
  display: -webkit-box;
  display: -webkit-flex;
  display: -ms-flexbox;
  display: flex;
  height: 5rem;
  margin: 0 0 2rem;
  background: #e9ecef;
  border-radius: 0.4rem;
  padding: 0 1rem;
}

<div
  class="c0"
/>
`;
