// Jest Snapshot v1, https://goo.gl/fbAQLP

exports[`Renders against snapshot 1`] = `
.c0 {
  border: 0;
  background: #e9ecef;
  height: 1px;
  margin: 2rem 0;
}

<hr
  class="c0"
  color="#e9ecef"
  height="1"
/>
`;
